This is pdfTeX, Version 3.141592653-2.6-1.40.25 (TeX Live 2023/Debian) (preloaded format=pdflatex 2024.12.5)  25 AUG 2026 22:37
entering extended mode
 restricted \write18 enabled.
 %&-line parsing enabled.
**MartingaleProblem.tex
(./MartingaleProblem.tex
LaTeX2e <2023-11-01> patch level 1
L3 programming layer <2024-01-22>
(/usr/share/texlive/texmf-dist/tex/latex/base/article.cls
Document Class: article 2023/05/17 v1.4n Standard LaTeX document class
(/usr/share/texlive/texmf-dist/tex/latex/base/size11.clo
File: size11.clo 2023/05/17 v1.4n Standard LaTeX file (size option)
)
\c@part=\count187
\c@section=\count188
\c@subsection=\count189
\c@subsubsection=\count190
\c@paragraph=\count191
\c@subparagraph=\count192
\c@figure=\count193
\c@table=\count194
\abovecaptionskip=\skip48
\belowcaptionskip=\skip49
\bibindent=\dimen140
)
(/usr/share/texlive/texmf-dist/tex/latex/base/fontenc.sty
Package: fontenc 2021/04/29 v2.0v Standard LaTeX package
)
(/usr/share/texlive/texmf-dist/tex/latex/base/inputenc.sty
Package: inputenc 2021/02/14 v1.3d Input encoding file
\inpenc@prehook=\toks17
\inpenc@posthook=\toks18
)
(/usr/share/texlive/texmf-dist/tex/latex/amsmath/amsmath.sty
Package: amsmath 2023/05/13 v2.17o AMS math features
\@mathmargin=\skip50

For additional information on amsmath, use the `?' option.
(/usr/share/texlive/texmf-dist/tex/latex/amsmath/amstext.sty
Package: amstext 2021/08/26 v2.01 AMS text

(/usr/share/texlive/texmf-dist/tex/latex/amsmath/amsgen.sty
File: amsgen.sty 1999/11/30 v2.0 generic functions
\@emptytoks=\toks19
\ex@=\dimen141
))
(/usr/share/texlive/texmf-dist/tex/latex/amsmath/amsbsy.sty
Package: amsbsy 1999/11/29 v1.2d Bold Symbols
\pmbraise@=\dimen142
)
(/usr/share/texlive/texmf-dist/tex/latex/amsmath/amsopn.sty
Package: amsopn 2022/04/08 v2.04 operator names
)
\inf@bad=\count195
LaTeX Info: Redefining \frac on input line 234.
\uproot@=\count196
\leftroot@=\count197
LaTeX Info: Redefining \overline on input line 399.
LaTeX Info: Redefining \colon on input line 410.
\classnum@=\count198
\DOTSCASE@=\count199
LaTeX Info: Redefining \ldots on input line 496.
LaTeX Info: Redefining \dots on input line 499.
LaTeX Info: Redefining \cdots on input line 620.
\Mathstrutbox@=\box51
\strutbox@=\box52
LaTeX Info: Redefining \big on input line 722.
LaTeX Info: Redefining \Big on input line 723.
LaTeX Info: Redefining \bigg on input line 724.
LaTeX Info: Redefining \Bigg on input line 725.
\big@size=\dimen143
LaTeX Font Info:    Redeclaring font encoding OML on input line 743.
LaTeX Font Info:    Redeclaring font encoding OMS on input line 744.
\macc@depth=\count266
LaTeX Info: Redefining \bmod on input line 905.
LaTeX Info: Redefining \pmod on input line 910.
LaTeX Info: Redefining \smash on input line 940.
LaTeX Info: Redefining \relbar on input line 970.
LaTeX Info: Redefining \Relbar on input line 971.
\c@MaxMatrixCols=\count267
\dotsspace@=\muskip16
\c@parentequation=\count268
\dspbrk@lvl=\count269
\tag@help=\toks20
\row@=\count270
\column@=\count271
\maxfields@=\count272
\andhelp@=\toks21
\eqnshift@=\dimen144
\alignsep@=\dimen145
\tagshift@=\dimen146
\tagwidth@=\dimen147
\totwidth@=\dimen148
\lineht@=\dimen149
\@envbody=\toks22
\multlinegap=\skip51
\multlinetaggap=\skip52
\mathdisplay@stack=\toks23
LaTeX Info: Redefining \[ on input line 2953.
LaTeX Info: Redefining \] on input line 2954.
)
(/usr/share/texlive/texmf-dist/tex/latex/amsfonts/amssymb.sty
Package: amssymb 2013/01/14 v3.01 AMS font symbols

(/usr/share/texlive/texmf-dist/tex/latex/amsfonts/amsfonts.sty
Package: amsfonts 2013/01/14 v3.01 Basic AMSFonts support
\symAMSa=\mathgroup4
\symAMSb=\mathgroup5
LaTeX Font Info:    Redeclaring math symbol \hbar on input line 98.
LaTeX Font Info:    Overwriting math alphabet `\mathfrak' in version `bold'
(Font)                  U/euf/m/n --> U/euf/b/n on input line 106.
))
(/usr/share/texlive/texmf-dist/tex/latex/amscls/amsthm.sty
Package: amsthm 2020/05/29 v2.20.6
\thm@style=\toks24
\thm@bodyfont=\toks25
\thm@headfont=\toks26
\thm@notefont=\toks27
\thm@headpunct=\toks28
\thm@preskip=\skip53
\thm@postskip=\skip54
\thm@headsep=\skip55
\dth@everypar=\toks29
)
(/usr/share/texlive/texmf-dist/tex/latex/jknapltx/mathrsfs.sty
Package: mathrsfs 1996/01/01 Math RSFS package v1.0 (jk)
\symrsfs=\mathgroup6
)
(/usr/share/texlive/texmf-dist/tex/latex/mathtools/mathtools.sty
Package: mathtools 2022/06/29 v1.29 mathematical typesetting tools

(/usr/share/texlive/texmf-dist/tex/latex/graphics/keyval.sty
Package: keyval 2022/05/29 v1.15 key=value parser (DPC)
\KV@toks@=\toks30
)
(/usr/share/texlive/texmf-dist/tex/latex/tools/calc.sty
Package: calc 2023/07/08 v4.3 Infix arithmetic (KKT,FJ)
\calc@Acount=\count273
\calc@Bcount=\count274
\calc@Adimen=\dimen150
\calc@Bdimen=\dimen151
\calc@Askip=\skip56
\calc@Bskip=\skip57
LaTeX Info: Redefining \setlength on input line 80.
LaTeX Info: Redefining \addtolength on input line 81.
\calc@Ccount=\count275
\calc@Cskip=\skip58
)
(/usr/share/texlive/texmf-dist/tex/latex/mathtools/mhsetup.sty
Package: mhsetup 2021/03/18 v1.4 programming setup (MH)
)
\g_MT_multlinerow_int=\count276
\l_MT_multwidth_dim=\dimen152
\origjot=\skip59
\l_MT_shortvdotswithinadjustabove_dim=\dimen153
\l_MT_shortvdotswithinadjustbelow_dim=\dimen154
\l_MT_above_intertext_sep=\dimen155
\l_MT_below_intertext_sep=\dimen156
\l_MT_above_shortintertext_sep=\dimen157
\l_MT_below_shortintertext_sep=\dimen158
\xmathstrut@box=\box53
\xmathstrut@dim=\dimen159
)
(/usr/share/texlive/texmf-dist/tex/latex/geometry/geometry.sty
Package: geometry 2020/01/02 v5.9 Page Geometry

(/usr/share/texlive/texmf-dist/tex/generic/iftex/ifvtex.sty
Package: ifvtex 2019/10/25 v1.7 ifvtex legacy package. Use iftex instead.

(/usr/share/texlive/texmf-dist/tex/generic/iftex/iftex.sty
Package: iftex 2022/02/03 v1.0f TeX engine tests
))
\Gm@cnth=\count277
\Gm@cntv=\count278
\c@Gm@tempcnt=\count279
\Gm@bindingoffset=\dimen160
\Gm@wd@mp=\dimen161
\Gm@odd@mp=\dimen162
\Gm@even@mp=\dimen163
\Gm@layoutwidth=\dimen164
\Gm@layoutheight=\dimen165
\Gm@layouthoffset=\dimen166
\Gm@layoutvoffset=\dimen167
\Gm@dimlist=\toks31
)
(/usr/share/texlive/texmf-dist/tex/latex/enumitem/enumitem.sty
Package: enumitem 2019/06/20 v3.9 Customized lists
\labelindent=\skip60
\enit@outerparindent=\dimen168
\enit@toks=\toks32
\enit@inbox=\box54
\enit@count@id=\count280
\enitdp@description=\count281
)
(/usr/share/texlive/texmf-dist/tex/latex/booktabs/booktabs.sty
Package: booktabs 2020/01/12 v1.61803398 Publication quality tables
\heavyrulewidth=\dimen169
\lightrulewidth=\dimen170
\cmidrulewidth=\dimen171
\belowrulesep=\dimen172
\belowbottomsep=\dimen173
\aboverulesep=\dimen174
\abovetopsep=\dimen175
\cmidrulesep=\dimen176
\cmidrulekern=\dimen177
\defaultaddspace=\dimen178
\@cmidla=\count282
\@cmidlb=\count283
\@aboverulesep=\dimen179
\@belowrulesep=\dimen180
\@thisruleclass=\count284
\@lastruleclass=\count285
\@thisrulewidth=\dimen181
)
(/usr/share/texlive/texmf-dist/tex/latex/hyperref/hyperref.sty
Package: hyperref 2024-01-20 v7.01h Hypertext links for LaTeX

(/usr/share/texlive/texmf-dist/tex/latex/kvsetkeys/kvsetkeys.sty
Package: kvsetkeys 2022-10-05 v1.19 Key value parser (HO)
)
(/usr/share/texlive/texmf-dist/tex/generic/kvdefinekeys/kvdefinekeys.sty
Package: kvdefinekeys 2019-12-19 v1.6 Define keys (HO)
)
(/usr/share/texlive/texmf-dist/tex/generic/pdfescape/pdfescape.sty
Package: pdfescape 2019/12/09 v1.15 Implements pdfTeX's escape features (HO)

(/usr/share/texlive/texmf-dist/tex/generic/ltxcmds/ltxcmds.sty
Package: ltxcmds 2023-12-04 v1.26 LaTeX kernel commands for general use (HO)
)
(/usr/share/texlive/texmf-dist/tex/generic/pdftexcmds/pdftexcmds.sty
Package: pdftexcmds 2020-06-27 v0.33 Utility functions of pdfTeX for LuaTeX (HO
)

(/usr/share/texlive/texmf-dist/tex/generic/infwarerr/infwarerr.sty
Package: infwarerr 2019/12/03 v1.5 Providing info/warning/error messages (HO)
)
Package pdftexcmds Info: \pdf@primitive is available.
Package pdftexcmds Info: \pdf@ifprimitive is available.
Package pdftexcmds Info: \pdfdraftmode found.
))
(/usr/share/texlive/texmf-dist/tex/latex/hycolor/hycolor.sty
Package: hycolor 2020-01-27 v1.10 Color options for hyperref/bookmark (HO)
)
(/usr/share/texlive/texmf-dist/tex/latex/auxhook/auxhook.sty
Package: auxhook 2019-12-17 v1.6 Hooks for auxiliary files (HO)
)
(/usr/share/texlive/texmf-dist/tex/latex/hyperref/nameref.sty
Package: nameref 2023-11-26 v2.56 Cross-referencing by name of section

(/usr/share/texlive/texmf-dist/tex/latex/refcount/refcount.sty
Package: refcount 2019/12/15 v3.6 Data extraction from label references (HO)
)
(/usr/share/texlive/texmf-dist/tex/generic/gettitlestring/gettitlestring.sty
Package: gettitlestring 2019/12/15 v1.6 Cleanup title references (HO)

(/usr/share/texlive/texmf-dist/tex/latex/kvoptions/kvoptions.sty
Package: kvoptions 2022-06-15 v3.15 Key value format for package options (HO)
))
\c@section@level=\count286
)
(/usr/share/texlive/texmf-dist/tex/latex/etoolbox/etoolbox.sty
Package: etoolbox 2020/10/05 v2.5k e-TeX tools for LaTeX (JAW)
\etb@tempcnta=\count287
)
\@linkdim=\dimen182
\Hy@linkcounter=\count288
\Hy@pagecounter=\count289

(/usr/share/texlive/texmf-dist/tex/latex/hyperref/pd1enc.def
File: pd1enc.def 2024-01-20 v7.01h Hyperref: PDFDocEncoding definition (HO)
Now handling font encoding PD1 ...
... no UTF-8 mapping file for font encoding PD1
)
(/usr/share/texlive/texmf-dist/tex/generic/intcalc/intcalc.sty
Package: intcalc 2019/12/15 v1.3 Expandable calculations with integers (HO)
)
\Hy@SavedSpaceFactor=\count290

(/usr/share/texlive/texmf-dist/tex/latex/hyperref/puenc.def
File: puenc.def 2024-01-20 v7.01h Hyperref: PDF Unicode definition (HO)
Now handling font encoding PU ...
... no UTF-8 mapping file for font encoding PU
)
Package hyperref Info: Option `colorlinks' set `true' on input line 4062.
Package hyperref Info: Hyper figures OFF on input line 4179.
Package hyperref Info: Link nesting OFF on input line 4184.
Package hyperref Info: Hyper index ON on input line 4187.
Package hyperref Info: Plain pages OFF on input line 4194.
Package hyperref Info: Backreferencing OFF on input line 4199.
Package hyperref Info: Implicit mode ON; LaTeX internals redefined.
Package hyperref Info: Bookmarks ON on input line 4446.
\c@Hy@tempcnt=\count291

(/usr/share/texlive/texmf-dist/tex/latex/url/url.sty
\Urlmuskip=\muskip17
Package: url 2013/09/16  ver 3.4  Verb mode for urls, etc.
)
LaTeX Info: Redefining \url on input line 4784.
\XeTeXLinkMargin=\dimen183

(/usr/share/texlive/texmf-dist/tex/generic/bitset/bitset.sty
Package: bitset 2019/12/09 v1.3 Handle bit-vector datatype (HO)

(/usr/share/texlive/texmf-dist/tex/generic/bigintcalc/bigintcalc.sty
Package: bigintcalc 2019/12/15 v1.5 Expandable calculations on big integers (HO
)
))
\Fld@menulength=\count292
\Field@Width=\dimen184
\Fld@charsize=\dimen185
Package hyperref Info: Hyper figures OFF on input line 6063.
Package hyperref Info: Link nesting OFF on input line 6068.
Package hyperref Info: Hyper index ON on input line 6071.
Package hyperref Info: backreferencing OFF on input line 6078.
Package hyperref Info: Link coloring ON on input line 6081.
Package hyperref Info: Link coloring with OCG OFF on input line 6088.
Package hyperref Info: PDF/A mode OFF on input line 6093.

(/usr/share/texlive/texmf-dist/tex/latex/base/atbegshi-ltx.sty
Package: atbegshi-ltx 2021/01/10 v1.0c Emulation of the original atbegshi
package with kernel methods
)
\Hy@abspage=\count293
\c@Item=\count294
\c@Hfootnote=\count295
)
Package hyperref Info: Driver (autodetected): hpdftex.

(/usr/share/texlive/texmf-dist/tex/latex/hyperref/hpdftex.def
File: hpdftex.def 2024-01-20 v7.01h Hyperref driver for pdfTeX

(/usr/share/texlive/texmf-dist/tex/latex/base/atveryend-ltx.sty
Package: atveryend-ltx 2020/08/19 v1.0a Emulation of the original atveryend pac
kage
with kernel methods
)
\Fld@listcount=\count296
\c@bookmark@seq@number=\count297

(/usr/share/texlive/texmf-dist/tex/latex/rerunfilecheck/rerunfilecheck.sty
Package: rerunfilecheck 2022-07-10 v1.10 Rerun checks for auxiliary files (HO)

(/usr/share/texlive/texmf-dist/tex/generic/uniquecounter/uniquecounter.sty
Package: uniquecounter 2019/12/15 v1.4 Provide unlimited unique counter (HO)
)
Package uniquecounter Info: New unique counter `rerunfilecheck' on input line 2
85.
)
\Hy@SectionHShift=\skip61
)
\c@theorem=\count298

(/usr/share/texlive/texmf-dist/tex/latex/l3backend/l3backend-pdftex.def
File: l3backend-pdftex.def 2024-01-04 L3 backend support: PDF output (pdfTeX)
\l__color_backend_stack_int=\count299
\l__pdf_internal_box=\box55
)
(./MartingaleProblem.aux)
\openout1 = `MartingaleProblem.aux'.

LaTeX Font Info:    Checking defaults for OML/cmm/m/it on input line 91.
LaTeX Font Info:    ... okay on input line 91.
LaTeX Font Info:    Checking defaults for OMS/cmsy/m/n on input line 91.
LaTeX Font Info:    ... okay on input line 91.
LaTeX Font Info:    Checking defaults for OT1/cmr/m/n on input line 91.
LaTeX Font Info:    ... okay on input line 91.
LaTeX Font Info:    Checking defaults for T1/cmr/m/n on input line 91.
LaTeX Font Info:    ... okay on input line 91.
LaTeX Font Info:    Checking defaults for TS1/cmr/m/n on input line 91.
LaTeX Font Info:    ... okay on input line 91.
LaTeX Font Info:    Checking defaults for OMX/cmex/m/n on input line 91.
LaTeX Font Info:    ... okay on input line 91.
LaTeX Font Info:    Checking defaults for U/cmr/m/n on input line 91.
LaTeX Font Info:    ... okay on input line 91.
LaTeX Font Info:    Checking defaults for PD1/pdf/m/n on input line 91.
LaTeX Font Info:    ... okay on input line 91.
LaTeX Font Info:    Checking defaults for PU/pdf/m/n on input line 91.
LaTeX Font Info:    ... okay on input line 91.

(/usr/share/texlive/texmf-dist/tex/latex/graphics/graphicx.sty
Package: graphicx 2021/09/16 v1.2d Enhanced LaTeX Graphics (DPC,SPQR)

(/usr/share/texlive/texmf-dist/tex/latex/graphics/graphics.sty
Package: graphics 2022/03/10 v1.4e Standard LaTeX Graphics (DPC,SPQR)

(/usr/share/texlive/texmf-dist/tex/latex/graphics/trig.sty
Package: trig 2021/08/11 v1.11 sin cos tan (DPC)
)
(/usr/share/texlive/texmf-dist/tex/latex/graphics-cfg/graphics.cfg
File: graphics.cfg 2016/06/04 v1.11 sample graphics configuration
)
Package graphics Info: Driver file: pdftex.def on input line 107.

(/usr/share/texlive/texmf-dist/tex/latex/graphics-def/pdftex.def
File: pdftex.def 2022/09/22 v1.2b Graphics/color driver for pdftex

(/usr/share/texlive/texmf-dist/tex/context/base/mkii/supp-pdf.mkii
[Loading MPS to PDF converter (version 2006.09.02).]
\scratchcounter=\count300
\scratchdimen=\dimen186
\scratchbox=\box56
\nofMPsegments=\count301
\nofMParguments=\count302
\everyMPshowfont=\toks33
\MPscratchCnt=\count303
\MPscratchDim=\dimen187
\MPnumerator=\count304
\makeMPintoPDFobject=\count305
\everyMPtoPDFconversion=\toks34
))) (/usr/share/texlive/texmf-dist/tex/latex/epstopdf-pkg/epstopdf-base.sty
Package: epstopdf-base 2020-01-24 v2.11 Base part for package epstopdf
Package epstopdf-base Info: Redefining graphics rule for `.eps' on input line 4
85.

(/usr/share/texlive/texmf-dist/tex/latex/latexconfig/epstopdf-sys.cfg
File: epstopdf-sys.cfg 2010/07/13 v1.3 Configuration of (r)epstopdf for TeX Liv
e
))
\Gin@req@height=\dimen188
\Gin@req@width=\dimen189
)
*geometry* driver: auto-detecting
*geometry* detected driver: pdftex
*geometry* verbose mode - [ preamble ] result:
* driver: pdftex
* paper: a4paper
* layout: <same size as paper>
* layoutoffset:(h,v)=(0.0pt,0.0pt)
* modes: 
* h-part:(L,W,R)=(85.35826pt, 426.79135pt, 85.35826pt)
* v-part:(T,H,B)=(85.35826pt, 674.33032pt, 85.35826pt)
* \paperwidth=597.50787pt
* \paperheight=845.04684pt
* \textwidth=426.79135pt
* \textheight=674.33032pt
* \oddsidemargin=13.08827pt
* \evensidemargin=13.08827pt
* \topmargin=-23.91173pt
* \headheight=12.0pt
* \headsep=25.0pt
* \topskip=11.0pt
* \footskip=30.0pt
* \marginparwidth=50.0pt
* \marginparsep=10.0pt
* \columnsep=10.0pt
* \skip\footins=10.0pt plus 4.0pt minus 2.0pt
* \hoffset=0.0pt
* \voffset=0.0pt
* \mag=1000
* \@twocolumnfalse
* \@twosidefalse
* \@mparswitchfalse
* \@reversemarginfalse
* (1in=72.27pt=25.4mm, 1cm=28.453pt)

(/usr/share/texlive/texmf-dist/tex/latex/graphics/color.sty
Package: color 2022/01/06 v1.3d Standard LaTeX Color (DPC)

(/usr/share/texlive/texmf-dist/tex/latex/graphics-cfg/color.cfg
File: color.cfg 2016/01/02 v1.6 sample color configuration
)
Package color Info: Driver file: pdftex.def on input line 149.

(/usr/share/texlive/texmf-dist/tex/latex/graphics/mathcolor.ltx))
Package hyperref Info: Link coloring ON on input line 91.

(./MartingaleProblem.out) (./MartingaleProblem.out)
\@outlinefile=\write3
\openout3 = `MartingaleProblem.out'.

LaTeX Font Info:    Trying to load font information for U+msa on input line 93.


(/usr/share/texlive/texmf-dist/tex/latex/amsfonts/umsa.fd
File: umsa.fd 2013/01/14 v3.01 AMS symbols A
)
LaTeX Font Info:    Trying to load font information for U+msb on input line 93.


(/usr/share/texlive/texmf-dist/tex/latex/amsfonts/umsb.fd
File: umsb.fd 2013/01/14 v3.01 AMS symbols B
)
LaTeX Font Info:    Trying to load font information for U+rsfs on input line 93
.

(/usr/share/texlive/texmf-dist/tex/latex/jknapltx/ursfs.fd
File: ursfs.fd 1998/03/24 rsfs font definition file (jk)
)
(./MartingaleProblem.toc [1

{/var/lib/texmf/fonts/map/pdftex/updmap/pdftex.map}{/usr/share/texmf/fonts/enc/
dvips/cm-super/cm-super-t1.enc}] [2])
\tf@toc=\write4
\openout4 = `MartingaleProblem.toc'.

 [3] [4{/usr/share/texmf/fonts/enc/dvips/cm-super/cm-super-ts1.enc}]
LaTeX Font Info:    Trying to load font information for T1+cmtt on input line 2
95.

(/usr/share/texlive/texmf-dist/tex/latex/base/t1cmtt.fd
File: t1cmtt.fd 2023/04/13 v2.5m Standard LaTeX font definitions
) [5] [6]
Underfull \hbox (badness 1496) in paragraph at lines 401--402
[]\T1/cmr/m/n/10.95 Submartingale prob-lems (re-
 []


Underfull \hbox (badness 10000) in paragraph at lines 407--408
[]\T1/cmr/m/n/10.95 Quasimartingale de-com-po-si-
 []


Underfull \hbox (badness 10000) in paragraph at lines 415--416
[]\T1/cmr/m/n/10.95 Path-dependent (ran-dom)
 []


Underfull \hbox (badness 1412) in paragraph at lines 417--418
[]\T1/cmr/m/n/10.95 Nonlinear de-pen-dence on $\OML/cmm/m/it/10.95 P$
 []


Underfull \hbox (badness 2781) in paragraph at lines 421--422
[]\T1/cmr/m/n/10.95 Signed or com-plex so-lu-tion
 []

[7] [8]
Underfull \hbox (badness 1102) in paragraph at lines 561--562
[]\T1/cmr/m/n/10.95 the two-variable func-tion of Sec-
 []


Underfull \hbox (badness 10000) in paragraph at lines 562--563
[]\T1/cmr/m/n/10.95 mixing pa-ram-e-ter space,
 []


Underfull \hbox (badness 6094) in paragraph at lines 565--566
[]\T1/cmr/m/n/10.95 the aug-ment-ing map of The-o-
 []


Underfull \hbox (badness 2213) in paragraph at lines 567--568
[]\T1/cmr/m/n/10.95 the path-dependent rate of Set-
 []


Underfull \hbox (badness 10000) in paragraph at lines 568--569
[]\T1/cmr/m/n/10.95 the re-sol-vent pa-ram-e-ter,
 []


Underfull \hbox (badness 4479) in paragraph at lines 569--570
[]\T1/cmr/m/n/10.95 the rate of Set-ting [][]7.20[][]; also
 []

[9] [10] [11] [12] [13]
Underfull \hbox (badness 3386) in paragraph at lines 996--997
[]\T1/cmr/m/n/10.95 Section [][]3.1[][] (ab-stract mar-tin-gale
 []

[14] [15] [16] [17] [18] [19] [20]

Package hyperref Warning: Token not allowed in a PDF string (Unicode):
(hyperref)                removing `\@ifnextchar' on input line 1576.

[21] [22]
Underfull \hbox (badness 3930) in paragraph at lines 1786--1787
[]\T1/cmr/m/n/10.95 Section [][]2.6[][] en-tire (Sko-rokhod,
 []


Overfull \hbox (1.86238pt too wide) in paragraph at lines 1775--1790
[] 
 []


Underfull \hbox (badness 1789) in paragraph at lines 1799--1801
[]\T1/cmr/m/n/10.95 Definition [][]3.6[][], Propo-si-tion [][]3.9[][],
 []


Underfull \hbox (badness 10000) in paragraph at lines 1807--1808
[]\T1/cmr/m/n/10.95 Definition [][]4.2[][], The-o-rem [][]4.4[][]
 []


Underfull \hbox (badness 10000) in paragraph at lines 1818--1819
[]\T1/cmr/m/n/10.95 Definition [][]5.14[][], Lemma [][]5.17[][]
 []


Underfull \hbox (badness 10000) in paragraph at lines 1825--1826
[]\T1/cmr/m/n/10.95 Lemma [][]5.22[][] (one-dimensional
 []


Underfull \hbox (badness 3884) in paragraph at lines 1831--1835
[]\T1/cmr/m/n/10.95 Definition [][]5.30[][], Lem-mas [][]5.32[][],
 []


Underfull \hbox (badness 5893) in paragraph at lines 1840--1841
[]\T1/cmr/m/n/10.95 Corollary [][]5.46[][] (its Marko-vian
 []


Overfull \hbox (1.86238pt too wide) in paragraph at lines 1792--1844
[] 
 []

[23]
Underfull \hbox (badness 1270) in paragraph at lines 1867--1868
[]\T1/cmr/m/n/10.95 Theorem [][]7.5[][] (ex-is-tence from a
 []


Underfull \hbox (badness 10000) in paragraph at lines 1870--1870
[][]\T1/cmr/m/n/10.95 , $\OML/cmm/m/it/10.95 E[]$
 []


Underfull \hbox (badness 10000) in paragraph at lines 1879--1880
[]\T1/cmr/m/n/10.95 Theorem [][]7.76[][] (Hawkes to
 []


Underfull \hbox (badness 1184) in paragraph at lines 1885--1886
[]\T1/cmr/m/n/10.95 Theorem [][]7.40[][] (ab-stract con-ver-
 []


Underfull \hbox (badness 4193) in paragraph at lines 1890--1891
[]\T1/cmr/m/n/10.95 any, atoms al-
 []


Overfull \hbox (1.86238pt too wide) in paragraph at lines 1846--1897
[] 
 []

[24] [25] [26] [27] [28] [29]
Overfull \hbox (1.873pt too wide) in paragraph at lines 2262--2267
[]\T1/cmr/m/it/10.95 Step 4: con-clu-sion. \T1/cmr/m/n/10.95 By Steps 1--3 and 
the func-tional mono-tone class the-o-rem (Fact [][]2.49[][]),
 []

[30] [31]
Overfull \hbox (7.7243pt too wide) in paragraph at lines 2472--2476
[]\T1/cmr/m/it/10.95 Step 2: ei-ther re-la-tion trans-ports the mar-tin-gale pr
op-erty. \T1/cmr/m/n/10.95 Sup-pose $\OML/cmm/m/it/10.95 Y$ \T1/cmr/m/n/10.95 i
s a $\OT1/cmr/m/n/10.95 (\OMS/cmsy/m/n/10.95 G[]\OT1/cmr/m/n/10.95 )$\T1/cmr/m/
n/10.95 -martingale.
 []

[32] [33] [34] [35] [36] [37] [38] [39] [40] [41] [42] [43] [44] [45] [46]
[47] [48] [49] [50]
Overfull \hbox (2.23976pt too wide) in paragraph at lines 4095--4099
[]\T1/cmr/m/it/10.95 If $\OT1/cmr/m/n/10.95 ^^F$ \T1/cmr/m/it/10.95 sat-is-fies
 [][](L1)[][], then $\OMS/cmsy/m/n/10.95 M[]\OT1/cmr/m/n/10.95 (\OMS/cmsy/m/n/1
0.95 X[]\OT1/cmr/m/n/10.95 )$ \T1/cmr/m/it/10.95 is sta-ble un-der mea-sur-able
 mix-tures $\OML/cmm/m/it/10.95 P \OT1/cmr/m/n/10.95 = [] \OML/cmm/m/it/10.95 P
[]^^W\OT1/cmr/m/n/10.95 ( d\OML/cmm/m/it/10.95 #\OT1/cmr/m/n/10.95 )$
 []

[51] [52] [53] [54] [55] [56] [57]
Underfull \hbox (badness 10000) in paragraph at lines 4765--4766
[]\T1/cmr/m/n/10.95 Definition [][]5.11[][], Propo-si-tion [][]5.13[][]
 []

[58] [59] [60] [61] [62] [63] [64] [65] [66] [67]
Overfull \hbox (0.45256pt too wide) in paragraph at lines 5545--5551
\T1/cmr/m/n/10.95 i.e. the com-pen-sator in the pre-dictable con-ven-tion $\OT1
/cmr/m/n/10.95 [0\OML/cmm/m/it/10.95 ; t\OT1/cmr/m/n/10.95 )$\T1/cmr/m/n/10.95 
. So Corol-lary [][]6.14[][] is the martingale-
 []

[68] [69] [70] [71] [72] [73] [74] [75] [76] [77] [78] [79] [80] [81] [82]
[83] [84] [85] [86] [87] [88] [89]
Overfull \hbox (1.6065pt too wide) in paragraph at lines 7332--7336
\T1/cmr/m/n/10.95 Put $\OML/cmm/m/it/10.95 Y[] \OT1/cmr/m/n/10.95 = \OML/cmm/m/
it/10.95 ^^X[] \OMS/cmsy/m/n/10.95 ^^@ [][] \OML/cmm/m/it/10.95 '[] \OT1/cmr/m/
n/10.95 d\OML/cmm/m/it/10.95 u$\T1/cmr/m/n/10.95 , a mar-tin-gale on $\OML/cmm/
m/it/10.95 B[]$\T1/cmr/m/n/10.95 . Be-cause $\OML/cmm/m/it/10.95 Z[]\OT1/cmr/m/
n/10.95 (\OML/cmm/m/it/10.95 X[]\OT1/cmr/m/n/10.95 )$ \T1/cmr/m/n/10.95 is $\OM
S/cmsy/m/n/10.95 F[]$\T1/cmr/m/n/10.95 -measurable, $\OML/cmm/m/it/10.95 E[]\OT
1/cmr/m/n/10.95 [(\OML/cmm/m/it/10.95 Y[] \OMS/cmsy/m/n/10.95 ^^@
 []

[90] [91] [92] [93] [94] [95]
Underfull \hbox (badness 1052) in paragraph at lines 7831--7832
[]\T1/cmr/m/n/10.95 Fact [][]7.61[][] (Jacod--Mémin), cited un-
 []

[96] [97] [98]
Overfull \hbox (4.25325pt too wide) in paragraph at lines 8055--8060
\T1/cmr/m/n/10.95 since $\OML/cmm/m/it/10.95 g$ \T1/cmr/m/n/10.95 is bounded an
d con-tin-u-ous, dom-i-nated con-ver-gence then gives $[][] \OMS/cmsy/m/n/10.95
 j\OML/cmm/m/it/10.95 g\OT1/cmr/m/n/10.95 ([](\OML/cmm/m/it/10.95 !; u\OT1/cmr/
m/n/10.95 )) \OMS/cmsy/m/n/10.95 ^^@
 []

[99] [100] [101] [102] [103] [104] [105] [106]
LaTeX Font Info:    Trying to load font information for TS1+cmtt on input line 
8675.

(/usr/share/texlive/texmf-dist/tex/latex/base/ts1cmtt.fd
File: ts1cmtt.fd 2023/04/13 v2.5m Standard LaTeX font definitions
) [107] [108]
Underfull \hbox (badness 1521) in paragraph at lines 8797--8799
\T1/cmr/m/n/10.95 three con-di-tions on a pair
 []


Underfull \hbox (badness 2253) in paragraph at lines 8799--8800
[]\T1/cmr/m/n/10.95 Definition [][]5.11[][], Propo-si-
 []


Underfull \hbox (badness 2818) in paragraph at lines 8808--8809
[]\T1/cmr/m/n/10.95 [[]] 4.4.10, on $\U/msb/m/n/10.95 R[]$ \T1/cmr/m/n/10.95 wi
th
 []


Underfull \hbox (badness 6995) in paragraph at lines 8812--8813
[]\T1/cmr/m/n/10.95 [[]] 2.2.13, at bounded
 []


Underfull \hbox (badness 10000) in paragraph at lines 8817--8819
[]\T1/cmr/m/n/10.95 one-sided de-ter-mi-na-tion:
 []


Underfull \hbox (badness 6268) in paragraph at lines 8819--8820
[]\T1/cmr/m/n/10.95 Theorem [][]7.55[][], Propo-si-
 []


Underfull \hbox (badness 1009) in paragraph at lines 8821--8823
[]\T1/cmr/m/n/10.95 for dis-con-ti-nu-ities at \T1/cmr/m/it/10.95 de-ter-
 []


Underfull \hbox (badness 3568) in paragraph at lines 8821--8823
\T1/cmr/m/n/10.95 path space re-places weak-
 []


Underfull \hbox (badness 10000) in paragraph at lines 8823--8824
[]\T1/cmr/m/n/10.95 Lemma [][]7.10[][], Corol-
 []


Underfull \hbox (badness 1742) in paragraph at lines 8825--8827
\T1/cmr/m/n/10.95 a \T1/cmr/m/it/10.95 restart ker-nel\T1/cmr/m/n/10.95 , hence
 lo-
 []


Underfull \hbox (badness 1502) in paragraph at lines 8825--8827
\T1/cmr/m/n/10.95 cal unique-ness for a path-
 []

[109]
Underfull \hbox (badness 10000) in paragraph at lines 8856--8858
[][] \T1/cmr/m/n/10.95 from one-dimensional laws
 []

[110]
Underfull \hbox (badness 10000) in paragraph at lines 8897--8898
[][]\T1/cmr/m/n/10.95 --[], Def-i-ni-
 []


Underfull \hbox (badness 1721) in paragraph at lines 8898--8902
[]\T1/cmr/m/n/10.95 the poset case re-ally
 []


Underfull \hbox (badness 1009) in paragraph at lines 8898--8902
\T1/cmr/m/n/10.95 The-o-rem [][]7.40[][] and in
 []


Underfull \hbox (badness 3884) in paragraph at lines 8905--8908
[]\T1/cmr/m/n/10.95 discrete time (Corol-
 []


Underfull \hbox (badness 10000) in paragraph at lines 8916--8917
[][]\T1/cmr/m/n/10.95 --[], Def-i-ni-
 []


Underfull \hbox (badness 10000) in paragraph at lines 8917--8920
[]\T1/cmr/m/n/10.95 martingale prob-lems
 []


Underfull \hbox (badness 1152) in paragraph at lines 8917--8920
\T1/cmr/m/n/10.95 Sec-tions [][]3[][]--[][]6[][] with no
 []


Underfull \hbox (badness 5077) in paragraph at lines 8920--8921
[]\T1/cmr/m/n/10.95 State space, fi-
 []


Underfull \hbox (badness 3612) in paragraph at lines 8922--8923
[]$\OML/cmm/m/it/10.95 E[]$ \T1/cmr/m/n/10.95 vary-ing, Def-i-ni-
 []


Underfull \hbox (badness 1629) in paragraph at lines 8923--8925
[]\T1/cmr/m/n/10.95 forced by the his-tor-
 []


Underfull \hbox (badness 6001) in paragraph at lines 8923--8925
\T1/cmr/m/n/10.95 i-cal pro-cess of Sec-
 []


Underfull \hbox (badness 7777) in paragraph at lines 8923--8925
\T1/cmr/m/n/10.95 tion [][]7.2[][]; buys the
 []


Underfull \hbox (badness 4084) in paragraph at lines 8923--8925
\T1/cmr/m/n/10.95 space-time mar-tin-gale
 []


Underfull \hbox (badness 4859) in paragraph at lines 8928--8930
[]\T1/cmr/m/n/10.95 the form the trans-
 []


Underfull \hbox (badness 6995) in paragraph at lines 8928--8930
\T1/cmr/m/n/10.95 form lit-er-a-ture uses;
 []


Underfull \hbox (badness 10000) in paragraph at lines 8928--8930
\T1/cmr/m/n/10.95 The-o-rem [][]6.10[][] needs
 []


Underfull \hbox (badness 10000) in paragraph at lines 8933--8935
\T1/cmr/m/n/10.95 for path-dependent
 []


Underfull \hbox (badness 4981) in paragraph at lines 8937--8938
[]\T1/cmr/m/n/10.95 any mea-sur-able $\OML/cmm/m/it/10.95 F$\T1/cmr/m/n/10.95 ;

 []


Underfull \hbox (badness 1448) in paragraph at lines 8938--8942
[][]\T1/cmr/m/n/10.95 (a)[][] are one hy-poth-e-
 []


Underfull \hbox (badness 6001) in paragraph at lines 8938--8942
\T1/cmr/m/n/10.95 so The-o-rem [][]7.40[][] is
 []


Underfull \hbox (badness 1303) in paragraph at lines 8942--8943
[]\T1/cmr/m/n/10.95 Mode of con-ver-
 []


Underfull \hbox (badness 3039) in paragraph at lines 8944--8945
[]\T1/cmr/m/n/10.95 also con-ver-gence in
 []


Underfull \hbox (badness 10000) in paragraph at lines 8947--8948
[]\T1/cmr/m/n/10.95 Approximating
 []


Underfull \hbox (badness 10000) in paragraph at lines 8950--8952
\T1/cmr/m/n/10.95 uni-form con-ver-gence
 []


Underfull \hbox (badness 10000) in paragraph at lines 8950--8952
\T1/cmr/m/n/10.95 suf-fices un-der [],
 []


Underfull \hbox (badness 10000) in paragraph at lines 8950--8952
\T1/cmr/m/n/10.95 which is as-sumed
 []


Underfull \hbox (badness 7433) in paragraph at lines 8954--8955
[]\T1/cmr/m/n/10.95 any shift in-vari-ant
 []


Overfull \hbox (1.85588pt too wide) in paragraph at lines 8890--8959
[] 
 []

[111]
Overfull \vbox (67.80923pt too high) has occurred while \output is active []


[112] [113] [114] [115] (./MartingaleProblem.aux)
 ***********
LaTeX2e <2023-11-01> patch level 1
L3 programming layer <2024-01-22>
 ***********
Package rerunfilecheck Info: File `MartingaleProblem.out' has not changed.
(rerunfilecheck)             Checksum: C5C04F956793A1B0F168C9099C9A12C1;11675.
 ) 
Here is how much of TeX's memory you used:
 12934 strings out of 474222
 194440 string characters out of 5748733
 1955975 words of memory out of 5000000
 34296 multiletter control sequences out of 15000+600000
 582503 words of font info for 101 fonts, out of 8000000 for 9000
 1141 hyphenation exceptions out of 8191
 75i,18n,79p,554b,857s stack positions out of 10000i,1000n,20000p,200000b,200000s
</usr/share/texlive/texmf-dist/fonts/type1/public/amsfonts/cm/cmbx10.pfb></us
r/share/texlive/texmf-dist/fonts/type1/public/amsfonts/cm/cmex10.pfb></usr/shar
e/texlive/texmf-dist/fonts/type1/public/amsfonts/cmextra/cmex8.pfb></usr/share/
texlive/texmf-dist/fonts/type1/public/amsfonts/cm/cmmi10.pfb></usr/share/texliv
e/texmf-dist/fonts/type1/public/amsfonts/cm/cmmi6.pfb></usr/share/texlive/texmf
-dist/fonts/type1/public/amsfonts/cm/cmmi8.pfb></usr/share/texlive/texmf-dist/f
onts/type1/public/amsfonts/cm/cmmib10.pfb></usr/share/texlive/texmf-dist/fonts/
type1/public/amsfonts/cm/cmr10.pfb></usr/share/texlive/texmf-dist/fonts/type1/p
ublic/amsfonts/cm/cmr6.pfb></usr/share/texlive/texmf-dist/fonts/type1/public/am
sfonts/cm/cmr8.pfb></usr/share/texlive/texmf-dist/fonts/type1/public/amsfonts/c
m/cmss10.pfb></usr/share/texlive/texmf-dist/fonts/type1/public/amsfonts/cm/cmsy
10.pfb></usr/share/texlive/texmf-dist/fonts/type1/public/amsfonts/cm/cmsy6.pfb>
</usr/share/texlive/texmf-dist/fonts/type1/public/amsfonts/cm/cmsy8.pfb></usr/s
hare/texlive/texmf-dist/fonts/type1/public/amsfonts/symbols/msam10.pfb></usr/sh
are/texlive/texmf-dist/fonts/type1/public/amsfonts/symbols/msbm10.pfb></usr/sha
re/texlive/texmf-dist/fonts/type1/public/rsfs/rsfs10.pfb></usr/share/texmf/font
s/type1/public/cm-super/sfbx1000.pfb></usr/share/texmf/fonts/type1/public/cm-su
per/sfbx1095.pfb></usr/share/texmf/fonts/type1/public/cm-super/sfbx1200.pfb></u
sr/share/texmf/fonts/type1/public/cm-super/sfbx1440.pfb></usr/share/texmf/fonts
/type1/public/cm-super/sfit1095.pfb></usr/share/texmf/fonts/type1/public/cm-sup
er/sfrm1000.pfb></usr/share/texmf/fonts/type1/public/cm-super/sfrm1095.pfb></us
r/share/texmf/fonts/type1/public/cm-super/sfrm1200.pfb></usr/share/texmf/fonts/
type1/public/cm-super/sfrm1728.pfb></usr/share/texmf/fonts/type1/public/cm-supe
r/sfti1000.pfb></usr/share/texmf/fonts/type1/public/cm-super/sfti1095.pfb></usr
/share/texmf/fonts/type1/public/cm-super/sftt1095.pfb>
Output written on MartingaleProblem.pdf (115 pages, 1133754 bytes).
PDF statistics:
 4480 PDF objects out of 5155 (max. 8388607)
 4240 compressed objects within 43 object streams
 698 named destinations out of 1000 (max. 500000)
 417 words of extra memory for PDF output out of 10000 (max. 10000000)

